---
source: crates/jsonschema-macros-core/src/tests.rs
assertion_line: 461
description: "{\"minimum\":0,\"type\":\"integer\"}"
expression: extract_is_valid_body(&code)
---
match instance {
            __Value::Number(n) if __types::is_integer(n) => {
                jsonschema::__private::numeric::ge(n, 0u64)
            }
            _ => false,
        }
