---
source: crates/jsonschema-macros-core/src/tests.rs
description: "{\"oneOf\":[{\"type\":\"string\"},{\"type\":\"number\"}]}"
expression: validate_body(schema)
---
{
            let mut __count = 0usize;
            if is_branch_valid_0(instance) {
                __count += 1;
            }
            if is_branch_valid_1(instance) {
                __count += 1;
            }
            if __count != 1 {
                let mut __context = Vec::with_capacity(2usize);
                {
                    let mut __branch_errors = Vec::new();
                    collect_branch_errors_0(instance, __path, &mut __branch_errors);
                    __context.push(__branch_errors);
                }
                {
                    let mut __branch_errors = Vec::new();
                    collect_branch_errors_1(instance, __path, &mut __branch_errors);
                    __context.push(__branch_errors);
                }
                return Some(
                    if __count == 0 {
                        __err::one_of_not_valid(
                            "/oneOf",
                            __path.into(),
                            instance,
                            __context,
                        )
                    } else {
                        __err::one_of_multiple_valid(
                            "/oneOf",
                            __path.into(),
                            instance,
                            __context,
                        )
                    },
                );
            }
        }
        None
