---
source: crates/jsonschema-macros-core/src/tests.rs
description: "{\"oneOf\":[{\"properties\":{\"k\":{\"const\":\"a\"}},\"required\":[\"k\"]},{\"properties\":{\"k\":{\"const\":\"b\"}},\"required\":[\"k\"]},{\"properties\":{\"z\":{\"type\":\"integer\"}}}]}"
expression: is_valid_body(schema)
---
{
            let mut matched = is_branch_valid_0(instance);
            (if is_branch_valid_1(instance) {
                if matched {
                    false
                } else {
                    matched = true;
                    true
                }
            } else {
                true
            }
                && if is_branch_valid_2(instance) {
                    if matched {
                        false
                    } else {
                        matched = true;
                        true
                    }
                } else {
                    true
                }) && matched
        }
