---
source: crates/jsonschema-macros-core/src/tests.rs
description: "{\"$schema\":\"http://json-schema.org/draft-07/schema#\",\"format\":\"currency\",\"type\":\"string\"}"
expression: code
---
struct Validator;
#[doc(hidden)]
#[allow(
    non_snake_case,
    dead_code,
    unused_imports,
    unused_variables,
    unreachable_code,
    clippy::all
)]
mod __validator_impl {
    use super::*;
    use jsonschema::__private::error as __err;
    use jsonschema::__private::types as __types;
    use jsonschema::paths as __paths;
    use jsonschema::JsonType as __JT;
    use jsonschema::JsonTypeSet as __JTS;
    use jsonschema::ValidationError as __VE;
    use serde_json::Value as __Value;
    use std::sync::LazyLock as __Lazy;
    type __Map = serde_json::Map<String, __Value>;
    pub(super) fn is_valid(instance: &__Value) -> bool {
        match instance {
            __Value::String(s) => crate::formats::is_currency(s),
            _ => false,
        }
    }
    pub(super) fn validate<'__i>(
        instance: &'__i __Value,
        __path: &__paths::LazyLocation,
    ) -> Option<__VE<'__i>> {
        match instance {
            __Value::String(s) => {
                if !(crate::formats::is_currency(s)) {
                    return Some(
                        __err::format("/format", __path.into(), instance, "currency"),
                    );
                }
            }
            _ => {
                return Some(
                    __err::single_type("/type", __path.into(), instance, __JT::String),
                );
            }
        }
        None
    }
    pub(super) fn collect_errors<'__i>(
        instance: &'__i __Value,
        __path: &__paths::LazyLocation,
        __errors: &mut Vec<__VE<'__i>>,
    ) {
        match instance {
            __Value::String(s) => {
                __errors
                    .extend(
                        (|| -> Option<__VE<'_>> {
                            if !(crate::formats::is_currency(s)) {
                                return Some(
                                    __err::format(
                                        "/format",
                                        __path.into(),
                                        instance,
                                        "currency",
                                    ),
                                );
                            }
                            None
                        })(),
                    );
            }
            _ => {
                __errors
                    .push(
                        __err::single_type(
                            "/type",
                            __path.into(),
                            instance,
                            __JT::String,
                        ),
                    );
            }
        }
    }
}
impl Validator {
    pub fn is_valid(instance: &serde_json::Value) -> bool {
        __validator_impl::is_valid(instance)
    }
    pub fn validate<'__i>(
        instance: &'__i serde_json::Value,
    ) -> ::std::result::Result<(), jsonschema::ValidationError<'__i>> {
        match __validator_impl::validate(
            instance,
            &jsonschema::paths::LazyLocation::new(),
        ) {
            Some(e) => Err(e),
            None => Ok(()),
        }
    }
    pub fn iter_errors<'__i>(
        instance: &'__i serde_json::Value,
    ) -> jsonschema::ErrorIterator<'__i> {
        let mut errors = Vec::new();
        __validator_impl::collect_errors(
            instance,
            &jsonschema::paths::LazyLocation::new(),
            &mut errors,
        );
        jsonschema::__private::error::iterator_from(errors)
    }
}
