---
source: crates/jsonschema-macros-core/src/tests.rs
description: "{\"oneOf\":[{\"properties\":{\"k\":{\"enum\":[1,\"x\"]}},\"required\":[\"k\"],\"type\":\"object\"},{\"properties\":{\"k\":{\"enum\":[2,\"y\"]}},\"required\":[\"k\"],\"type\":\"object\"}]}"
expression: is_valid_body(schema)
---
{
            let mut matched = is_branch_valid_0(instance);
            (if is_branch_valid_1(instance) {
                if matched {
                    false
                } else {
                    matched = true;
                    true
                }
            } else {
                true
            }) && matched
        }
