---
source: crates/jsonschema-macros-core/src/tests.rs
description: "{\"multipleOf\":0e-10}"
expression: schema_to_code(schema)
---
struct Validator;
#[doc(hidden)]
#[allow(
    non_snake_case,
    dead_code,
    unused_imports,
    unused_variables,
    unreachable_code,
    clippy::all
)]
mod __validator_impl {
    use super::*;
    use jsonschema::__private::cmp as __cmp;
    use jsonschema::__private::content as __content;
    use jsonschema::__private::custom as __custom;
    use jsonschema::__private::error as __err;
    use jsonschema::__private::fancy_regex as __fancy;
    use jsonschema::__private::format as __fmt;
    use jsonschema::__private::numeric as __num;
    use jsonschema::__private::regex as __re;
    use jsonschema::__private::serde_json as __sj;
    use jsonschema::__private::types as __types;
    use jsonschema::__private::unique_items as __uniq;
    use jsonschema::paths as __paths;
    use jsonschema::JsonType as __JT;
    use jsonschema::JsonTypeSet as __JTS;
    use jsonschema::ErrorIterator as __EI;
    use jsonschema::ValidationError as __VE;
    use __sj::Value as __Value;
    use std::sync::LazyLock as __Lazy;
    type __Map = __sj::Map<String, __Value>;
    pub(super) fn is_valid(instance: &__Value) -> bool {
        match instance {
            __Value::Number(n) => {
                compile_error!("0e-10 is less than or equal to the minimum of 0");
                false
            }
            _ => true,
        }
    }
    pub(super) fn validate<'__i>(
        instance: &'__i __Value,
        __path: &__paths::LazyLocation,
    ) -> Option<__VE<'__i>> {
        match instance {
            __Value::Number(n) => {
                if !({
                    compile_error!("0e-10 is less than or equal to the minimum of 0");
                    false
                }) {
                    return Some(__err::false_schema("", __path.into(), instance));
                }
            }
            _ => {}
        }
        None
    }
    pub(super) fn collect_errors<'__i>(
        instance: &'__i __Value,
        __path: &__paths::LazyLocation,
        __errors: &mut Vec<__VE<'__i>>,
    ) {
        match instance {
            __Value::Number(n) => {}
            _ => {}
        }
    }
    pub(super) fn entry_is_valid(instance: &__Value) -> bool {
        is_valid(instance)
    }
    pub(super) fn entry_validate<'__i>(
        instance: &'__i __Value,
    ) -> ::std::result::Result<(), __VE<'__i>> {
        match validate(instance, &__paths::LazyLocation::new()) {
            Some(e) => Err(e),
            None => Ok(()),
        }
    }
    pub(super) fn entry_iter_errors<'__i>(instance: &'__i __Value) -> __EI<'__i> {
        let mut errors = Vec::new();
        collect_errors(instance, &__paths::LazyLocation::new(), &mut errors);
        __err::iterator_from(errors)
    }
}
impl Validator {
    pub fn is_valid(instance: &jsonschema::__private::serde_json::Value) -> bool {
        __validator_impl::entry_is_valid(instance)
    }
    pub fn validate<'__i>(
        instance: &'__i jsonschema::__private::serde_json::Value,
    ) -> ::std::result::Result<(), jsonschema::ValidationError<'__i>> {
        __validator_impl::entry_validate(instance)
    }
    pub fn iter_errors<'__i>(
        instance: &'__i jsonschema::__private::serde_json::Value,
    ) -> jsonschema::ErrorIterator<'__i> {
        __validator_impl::entry_iter_errors(instance)
    }
}
