---
source: crates/jsonschema-macros-core/src/tests.rs
description: "{\"additionalProperties\":false,\"patternProperties\":{\"^[a-z]{2,}$\":{\"type\":\"string\"}},\"propertyNames\":{\"pattern\":\"^[a-z]{2,}$\"},\"type\":\"object\"}"
expression: code
---
struct Validator;
#[doc(hidden)]
#[allow(
    non_snake_case,
    dead_code,
    unused_imports,
    unused_variables,
    unreachable_code,
    clippy::all
)]
mod __validator_impl {
    use super::*;
    use jsonschema::__private::error as __err;
    use jsonschema::__private::types as __types;
    use jsonschema::paths as __paths;
    use jsonschema::JsonType as __JT;
    use jsonschema::JsonTypeSet as __JTS;
    use jsonschema::ValidationError as __VE;
    use serde_json::Value as __Value;
    use std::sync::LazyLock as __Lazy;
    type __Map = serde_json::Map<String, __Value>;
    #[inline]
    fn __jsonschema_regex_0(subject: &str) -> bool {
        static REGEX: __Lazy<Option<jsonschema::__private::fancy_regex::Regex>> = __Lazy::new(||
        {
            let mut builder = jsonschema::__private::fancy_regex::RegexBuilder::new(
                "^[a-z]{2,}$",
            );
            builder.build().ok()
        });
        REGEX.as_ref().is_some_and(|re| re.is_match(subject).unwrap_or(false))
    }
    pub(super) fn is_valid(instance: &__Value) -> bool {
        match instance {
            __Value::Object(obj) => {
                let __object_pass = obj
                    .iter()
                    .all(|(key, instance)| {
                        let mut covered = false;
                        if { __jsonschema_regex_0(key.as_str()) } {
                            if !(instance.is_string()) {
                                return false;
                            }
                            covered = true;
                        }
                        if !covered {
                            return false;
                        }
                        true
                    });
                __object_pass
            }
            _ => false,
        }
    }
    pub(super) fn validate<'__i>(
        instance: &'__i __Value,
        __path: &__paths::LazyLocation,
    ) -> Option<__VE<'__i>> {
        match instance {
            __Value::Object(obj) => {
                for (key, value) in obj.iter() {
                    let key_str = key.as_str();
                    let mut covered = false;
                    if { __jsonschema_regex_0(key.as_str()) } {
                        let instance = value;
                        let __path = &__path.push(key_str);
                        if !(instance.is_string()) {
                            return Some(
                                __err::single_type(
                                    "/patternProperties/^[a-z]{2,}$/type",
                                    __path.into(),
                                    instance,
                                    __JT::String,
                                ),
                            );
                        }
                        covered = true;
                    }
                    if !covered {
                        return Some(
                            __err::additional_properties(
                                "/additionalProperties",
                                __path.into(),
                                instance,
                                vec![key.clone()],
                            ),
                        );
                    }
                }
            }
            _ => {
                return Some(
                    __err::single_type("/type", __path.into(), instance, __JT::Object),
                );
            }
        }
        None
    }
    pub(super) fn collect_errors<'__i>(
        instance: &'__i __Value,
        __path: &__paths::LazyLocation,
        __errors: &mut Vec<__VE<'__i>>,
    ) {
        match instance {
            __Value::Object(obj) => {
                let mut __unexpected: Vec<String> = Vec::new();
                for (key, value) in obj.iter() {
                    let key_str = key.as_str();
                    let mut covered = false;
                    if { __jsonschema_regex_0(key.as_str()) } {
                        let instance = value;
                        let __path = &__path.push(key_str);
                        if !(instance.is_string()) {
                            __errors
                                .push(
                                    __err::single_type(
                                        "/patternProperties/^[a-z]{2,}$/type",
                                        __path.into(),
                                        instance,
                                        __JT::String,
                                    ),
                                );
                        }
                        covered = true;
                    }
                    if !covered {
                        __unexpected.push(key.clone());
                    }
                }
                if !__unexpected.is_empty() {
                    __errors
                        .push(
                            __err::additional_properties(
                                "/additionalProperties",
                                __path.into(),
                                instance,
                                __unexpected,
                            ),
                        );
                }
            }
            _ => {
                __errors
                    .push(
                        __err::single_type(
                            "/type",
                            __path.into(),
                            instance,
                            __JT::Object,
                        ),
                    );
            }
        }
    }
}
impl Validator {
    pub fn is_valid(instance: &serde_json::Value) -> bool {
        __validator_impl::is_valid(instance)
    }
    pub fn validate<'__i>(
        instance: &'__i serde_json::Value,
    ) -> ::std::result::Result<(), jsonschema::ValidationError<'__i>> {
        match __validator_impl::validate(
            instance,
            &jsonschema::paths::LazyLocation::new(),
        ) {
            Some(e) => Err(e),
            None => Ok(()),
        }
    }
    pub fn iter_errors<'__i>(
        instance: &'__i serde_json::Value,
    ) -> jsonschema::ErrorIterator<'__i> {
        let mut errors = Vec::new();
        __validator_impl::collect_errors(
            instance,
            &jsonschema::paths::LazyLocation::new(),
            &mut errors,
        );
        jsonschema::__private::error::iterator_from(errors)
    }
}
