---
source: crates/jsonschema-macros-core/src/tests.rs
description: "{\"oneOf\":[{\"properties\":{\"k\":{\"const\":\"a\"}},\"required\":[\"k\"]},{\"properties\":{\"k\":{\"const\":\"b\"}},\"required\":[\"k\"],\"type\":\"object\"}]}"
expression: is_valid_body(schema)
---
{
            let mut matched = match instance {
                serde_json::Value::Object(obj) => {
                    let mut __req_0 = false;
                    let __object_pass = obj
                        .iter()
                        .all(|(key, instance)| {
                            match key.as_str() {
                                "k" => {
                                    if !(instance.as_str() == Some("a")) {
                                        return false;
                                    }
                                    __req_0 = true;
                                }
                                _ => {}
                            }
                            true
                        });
                    __object_pass && __req_0
                }
                _ => true,
            };
            (if match instance {
                serde_json::Value::Object(obj) => {
                    let mut __req_0 = false;
                    let __object_pass = obj
                        .iter()
                        .all(|(key, instance)| {
                            match key.as_str() {
                                "k" => {
                                    if !(instance.as_str() == Some("b")) {
                                        return false;
                                    }
                                    __req_0 = true;
                                }
                                _ => {}
                            }
                            true
                        });
                    __object_pass && __req_0
                }
                _ => false,
            } {
                if matched {
                    false
                } else {
                    matched = true;
                    true
                }
            } else {
                true
            }) && matched
        }
