---
source: crates/jsonschema-macros-core/src/tests.rs
description: "{\"multipleOf\":0.1,\"type\":\"number\"}"
expression: is_valid_body(schema)
---
match instance {
            __Value::Number(n) => {
                jsonschema::__private::numeric::check_compiled_multiple_of(n, "0.1")
            }
            _ => false,
        }
