---
source: crates/jsonschema-codegen-core/src/tests.rs
description: "{\"$schema\":\"http://json-schema.org/draft-06/schema#\",\"maxItems\":150.0,\"type\":\"array\"}"
expression: is_valid_body(schema)
---
match instance {
            serde_json::Value::Array(arr) => (arr.len() as u64) <= 150,
            _ => false,
        }
