---
source: crates/jsonschema-codegen-core/src/tests.rs
description: "{\"$schema\":\"https://json-schema.org/draft/2019-09/schema\",\"additionalItems\":{\"type\":\"string\"},\"items\":[{\"type\":\"integer\"}],\"type\":\"array\",\"unevaluatedItems\":false}"
expression: is_valid_body(schema)
---
match instance {
            serde_json::Value::Array(arr) => {
                ((arr
                    .get(0usize)
                    .map_or(
                        true,
                        |instance| match instance {
                            serde_json::Value::Number(n) => {
                                jsonschema::__private::types::is_integer(n)
                            }
                            _ => false,
                        },
                    )) && (arr.iter().skip(1usize).all(|instance| instance.is_string())))
                    && (arr
                        .iter()
                        .enumerate()
                        .all(|(idx, item)| { if true { true } else { false } }))
            }
            _ => false,
        }
