---
source: crates/jsonschema-codegen/src/tests.rs
description: "{\"exclusiveMaximum\":100,\"type\":\"number\"}"
expression: is_valid_body(schema)
---
match instance {
            serde_json::Value::Number(n) => {
                jsonschema::keywords_helpers::numeric::lt(n, 100u64 as u64)
            }
            _ => false,
        }
