---
source: crates/jsonschema-codegen/src/tests.rs
description: "{\"oneOf\":[{\"type\":\"string\"},{\"type\":\"number\"}]}"
expression: is_valid_body(schema)
---
{
            let mut matched = false;
            (if instance.is_string() {
                if matched {
                    false
                } else {
                    matched = true;
                    true
                }
            } else {
                true
            }
                && if instance.is_number() {
                    if matched {
                        false
                    } else {
                        matched = true;
                        true
                    }
                } else {
                    true
                }) && matched
        }
